
  .   ____          _            __ _ _
 /\\ / ___'_ __ _ _(_)_ __  __ _ \ \ \ \
( ( )\___ | '_ | '_| | '_ \/ _` | \ \ \ \
 \\/  ___)| |_)| | | | | || (_| |  ) ) ) )
  '  |____| .__|_| |_|_| |_\__, | / / / /
 =========|_|==============|___/=/_/_/_/

 :: Spring Boot ::                (v4.1.0)

2026-07-19T17:51:54.302-06:00  INFO 5385 --- [Hospital] [           main] c.Proyecto.Hospital.HospitalApplication  : Starting HospitalApplication v0.0.1-SNAPSHOT using Java 26 with PID 5385 (/mnt/c/Users/bequi/OneDrive - Universidad Central/Progra 4th generacion/Proyecto/Hospital/Hospital/target/Hospital-0.0.1-SNAPSHOT.jar started by matt2026 in /mnt/c/Users/bequi/OneDrive - Universidad Central/Progra 4th generacion/Proyecto/Hospital/Hospital)
2026-07-19T17:51:54.332-06:00  INFO 5385 --- [Hospital] [           main] c.Proyecto.Hospital.HospitalApplication  : No active profile set, falling back to 1 default profile: "default"
2026-07-19T17:52:00.412-06:00  INFO 5385 --- [Hospital] [           main] .s.d.r.c.RepositoryConfigurationDelegate : Bootstrapping Spring Data JPA repositories in DEFAULT mode.
2026-07-19T17:52:00.655-06:00  INFO 5385 --- [Hospital] [           main] .s.d.r.c.RepositoryConfigurationDelegate : Finished Spring Data repository scanning in 190 ms. Found 3 JPA repository interfaces.
2026-07-19T17:52:03.851-06:00  INFO 5385 --- [Hospital] [           main] o.s.boot.tomcat.TomcatWebServer          : Tomcat initialized with port 8080 (http)
2026-07-19T17:52:03.919-06:00  INFO 5385 --- [Hospital] [           main] o.apache.catalina.core.StandardService   : Starting service [Tomcat]
2026-07-19T17:52:03.921-06:00  INFO 5385 --- [Hospital] [           main] o.apache.catalina.core.StandardEngine    : Starting Servlet engine: [Apache Tomcat/11.0.22]
2026-07-19T17:52:04.040-06:00  INFO 5385 --- [Hospital] [           main] b.w.c.s.WebApplicationContextInitializer : Root WebApplicationContext: initialization completed in 9179 ms
2026-07-19T17:52:05.225-06:00  INFO 5385 --- [Hospital] [           main] com.zaxxer.hikari.HikariDataSource       : HikariPool-1 - Starting...
2026-07-19T17:52:06.352-06:00  INFO 5385 --- [Hospital] [           main] com.zaxxer.hikari.pool.HikariPool        : HikariPool-1 - Added connection conn0: url=jdbc:h2:mem:hospitaldb user=SA
2026-07-19T17:52:06.361-06:00  INFO 5385 --- [Hospital] [           main] com.zaxxer.hikari.HikariDataSource       : HikariPool-1 - Start completed.
2026-07-19T17:52:06.592-06:00  INFO 5385 --- [Hospital] [           main] org.hibernate.orm.jpa                    : HHH008540: Processing PersistenceUnitInfo [name: default]
2026-07-19T17:52:07.145-06:00  INFO 5385 --- [Hospital] [           main] org.hibernate.orm.core                   : HHH000001: Hibernate ORM core version 7.4.1.Final
2026-07-19T17:52:12.050-06:00  INFO 5385 --- [Hospital] [           main] o.s.o.j.p.SpringPersistenceUnitInfo      : No LoadTimeWeaver setup: ignoring JPA class transformer
2026-07-19T17:52:12.617-06:00  INFO 5385 --- [Hospital] [           main] org.hibernate.orm.connections.pooling    : HHH10001005: Database info:
	Database JDBC URL [jdbc:h2:mem:hospitaldb]
	Database driver: H2 JDBC Driver
	Database dialect: H2Dialect
	Database version: 2.4.240
	Default catalog/schema: HOSPITALDB/PUBLIC
	Autocommit mode: undefined/unknown
	Isolation level: READ_COMMITTED [default READ_COMMITTED]
	JDBC fetch size: 100
	Pool: DataSourceConnectionProvider
	Minimum pool size: undefined/unknown
	Maximum pool size: undefined/unknown
2026-07-19T17:52:16.990-06:00  INFO 5385 --- [Hospital] [           main] org.hibernate.orm.core                   : HHH000489: No JTA platform available (set 'hibernate.transaction.jta.platform' to enable JTA platform integration)
2026-07-19T17:52:17.134-06:00  INFO 5385 --- [Hospital] [           main] j.LocalContainerEntityManagerFactoryBean : Initialized JPA EntityManagerFactory for persistence unit 'default'
2026-07-19T17:52:17.387-06:00  INFO 5385 --- [Hospital] [           main] o.s.d.j.r.query.QueryEnhancerFactories   : Hibernate is in classpath; If applicable, HQL parser will be used.
2026-07-19T17:52:18.669-06:00  WARN 5385 --- [Hospital] [           main] JpaBaseConfiguration$JpaWebConfiguration : spring.jpa.open-in-view is enabled by default. Therefore, database queries may be performed during view rendering. Explicitly configure spring.jpa.open-in-view to disable this warning
2026-07-19T17:52:19.021-06:00  INFO 5385 --- [Hospital] [           main] r$InitializeUserDetailsManagerConfigurer : Global AuthenticationManager configured with UserDetailsService bean with name usuarioDetailService
2026-07-19T17:52:21.004-06:00  INFO 5385 --- [Hospital] [           main] o.s.boot.tomcat.TomcatWebServer          : Tomcat started on port 8080 (http) with context path '/'
2026-07-19T17:52:21.041-06:00  INFO 5385 --- [Hospital] [           main] c.Proyecto.Hospital.HospitalApplication  : Started HospitalApplication in 29.944 seconds (process running for 32.8)
2026-07-19T17:52:21.043-06:00  INFO 5385 --- [Hospital] [ionShutdownHook] o.s.boot.tomcat.GracefulShutdown         : Commencing graceful shutdown. Waiting for active requests to complete
2026-07-19T17:52:21.068-06:00  INFO 5385 --- [Hospital] [tomcat-shutdown] o.s.boot.tomcat.GracefulShutdown         : Graceful shutdown complete
2026-07-19T17:52:21.093-06:00  INFO 5385 --- [Hospital] [ionShutdownHook] j.LocalContainerEntityManagerFactoryBean : Closing JPA EntityManagerFactory for persistence unit 'default'
2026-07-19T17:52:21.151-06:00  INFO 5385 --- [Hospital] [ionShutdownHook] com.zaxxer.hikari.HikariDataSource       : HikariPool-1 - Shutdown initiated...
2026-07-19T17:52:21.170-06:00  INFO 5385 --- [Hospital] [ionShutdownHook] com.zaxxer.hikari.HikariDataSource       : HikariPool-1 - Shutdown completed.
2026-07-19T17:52:21.200-06:00  INFO 5385 --- [Hospital] [           main] .s.b.a.l.ConditionEvaluationReportLogger : 

Error starting ApplicationContext. To display the condition evaluation report re-run your application with 'debug' enabled.
